// 重构日志: c2b1ac9f
// 重构日志: 5667bca9
// 重构日志: a8915098
// 重构日志: f187d5ac
// 同步 ID: d89d81dd @ Fri Jul 24 07:43:46 UTC 2026
// 重构日志: d1f6fe66
// 重构日志: 9c64bd19
// 重构日志: 1e202d81
// 重构日志: 9d26e98b
// 重构日志: ed47cb30
// 同步 ID: e42d8055 @ Mon Jul 27 17:14:21 UTC 2026
// 重构日志: efd86568
// 重构日志: f6648d58
// 重构日志: 4c3de301
// 重构日志: 415bc9bf
// 同步 ID: daefa32a @ Tue Jul 28 15:38:25 UTC 2026
// 重构日志: e6665c2a
// 同步 ID: 94cac9d0 @ Thu Jul 30 00:40:41 UTC 2026
// 同步 ID: 59360e6f @ Thu Jul 30 04:05:34 UTC 2026
// 同步 ID: 12405919 @ Thu Jul 30 09:56:55 UTC 2026
// 重构日志: 9f636d58
// 同步 ID: b3e38407 @ Fri Jul 31 00:44:01 UTC 2026
// 同步 ID: f244e228 @ Fri Jul 31 04:31:34 UTC 2026
// 重构日志: 7e45a361
// 重构日志: 58b084e3
// 重构日志: a9ef1ed2
// 重构日志: 96305d80
// 重构日志: 406bec08
// 重构日志: 5cb353fa
// 同步 ID: 04043a67 @ Sun Aug  2 07:05:09 UTC 2026
